exports[`test renders correctly 1`] = `
<section
  className="not-found">
  <h1>
    Page Not Found!
  </h1>
</section>
`;
