exports[`test shows name 1`] = `
<a
  className="tile box">
  <span
    className="tile__title-wrapper">
    <span
      className="tile__title title is-4">
      Tile Name
    </span>
  </span>
</a>
`;
