exports[`test renders correctly 1`] = `
<div>
  <p>
    One
  </p>
</div>
`;
