exports[`test renders <div> w/ correct children of type <Item> 1`] = `
<div
  className="lists">
  <Item
    title="Test One" />
</div>
`;

exports[`test renders null based on initial state (empty "list" array) 1`] = `
<div>
  No Items!
</div>
`;
