exports[`<Error404 /> renders 1`] = `
<MainColumns>
  <h1
    className="title is-1">
    Page not found!
  </h1>
  <p
    className="subtitle is-5" />
</MainColumns>
`;
