exports[`test renders correctly 1`] = `
<div
  className="home">
  Under Construction
</div>
`;
