exports[`test renders <NotFound> on error 1`] = `
<NotFound
  error="User not found" />
`;

exports[`test renders correctly 1`] = `
<UserPage
  addList={[Function]}
  isLoading={false}
  lists={
    Array [
      Object {
        "title": "list title",
      },
    ]
  }
  user={
    Object {
      "avatar": "http://path/to/avatar",
      "description": "description of user",
      "username": "test_username",
    }
  } />
`;
